<html>
<body>
<pre>
<h1>礦ision Build Log</h1>
<h2>Tool Versions:</h2>
IDE-Version: μVision V5.15
Copyright (C) 2015 ARM Ltd and ARM Germany GmbH. All rights reserved.
License Information: fdf 2897804961@qq.com, gfg, LIC=GE7DY-I5PBR-17MRR-KVHLX-MA3NC-AZDJP
 
Tool Versions:
Toolchain:       MDK-ARM Professional  Version: 5.15.0
Toolchain Path:  D:\Keil_Arm\ARM\ARMCC\Bin
C Compiler:      Armcc.exe V5.05 update 2 (build 169)
Assembler:       Armasm.exe V5.05 update 2 (build 169)
Linker/Locator:  ArmLink.exe V5.05 update 2 (build 169)
Library Manager: ArmAr.exe V5.05 update 2 (build 169)
Hex Converter:   FromElf.exe V5.05 update 2 (build 169)
CPU DLL:         SARMCM3.DLL V5.15.0
Dialog DLL:      DCM.DLL V1.13.2.0
Target DLL:      CMSIS_AGDI.dll V1.21.12.0
Dialog DLL:      TCM.DLL V1.14.5.0
 
<h2>Project:</h2>
D:\学习\嵌入式\野火F407开发板\学习代码\固件库\GPIO输入-按键检测\Project\RVMDK(uv5)\YH-F407.uvprojx
Project File Date:  04/14/2022

<h2>Output:</h2>
*** Using Compiler 'V5.05 update 2 (build 169)', folder: 'D:\Keil_Arm\ARM\ARMCC\Bin'
Build target '固件库工程模板'
compiling main.c...
compiling bsp_key.c...
linking...
Program Size: Code=1024 RO-data=408 RW-data=0 ZI-data=1024  
FromELF: creating hex file...
"..\..\YH-F407.axf" - 0 Error(s), 0 Warning(s).

<h2>Collection of Component include folders:</h2>
  D:\学习\嵌入式\野火F407开发板\学习代码\固件库\GPIO输入-按键检测\Project\RVMDK(uv5)\RTE
  D:\Keil_Arm\ARM\PACK\Keil\STM32F4xx_DFP\2.5.0\Drivers\CMSIS\Device\ST\STM32F4xx\Include

<h2>Collection of Component Files used:</h2>
</pre>
</body>
</html>
